[www.voiddevelopment.com/index.html]
[backblue.gif]
[fade.gif]
[index.html]
[www.voiddevelopment.com/images/vd.ico]
[www.voiddevelopment.com/css/bootstrap.css]
[www.voiddevelopment.com/js/jquery.min.js]
[www.voiddevelopment.com/css/style.css]
[www.voiddevelopment.com/css/animate.css]
[www.voiddevelopment.com/js/wow.min.js]
[www.voiddevelopment.com/js/move-top.js]
[www.voiddevelopment.com/js/easing.js]
[www.voiddevelopment.com/index-2.html]
[www.voiddevelopment.com/images/logo.png]
[www.voiddevelopment.com/images/icon1.png]
[www.voiddevelopment.com/images/icon2.png]
[www.voiddevelopment.com/images/icon3.png]
[www.voiddevelopment.com/images/icon4.png]
[www.voiddevelopment.com/images/vd.png]
[www.voiddevelopment.com/js/responsiveslides.min.js]
[www.voiddevelopment.com/images/pr1.png]
[www.voiddevelopment.com/images/pr2.png]
[www.voiddevelopment.com/images/m2.jpg]
[www.voiddevelopment.com/images/m1.jpg]
[www.voiddevelopment.com/index.html]
[www.voiddevelopment.com/css/bootstrap.css]
[www.voiddevelopment.com/images/bg.jpg]
[www.voiddevelopment.com/images/line.png]
[www.voiddevelopment.com/images/icons1.png]
[www.voiddevelopment.com/images/musteri.png]
[www.voiddevelopment.com/images/social.png]
[www.voiddevelopment.com/images/easytop.png]
[www.voiddevelopment.com/images/nav.png]
[www.voiddevelopment.com/css/style.css]
[www.voiddevelopment.com/css/animate.css]
[www.voiddevelopment.com/index-2.html]
[www.voiddevelopment.com/images/phn.html]
[www.voiddevelopment.com/fonts/glyphicons-halflings-regular.html]
[www.voiddevelopment.com/fonts/glyphicons-halflings-regulard41d.html]
[www.voiddevelopment.com/fonts/glyphicons-halflings-regular-2.html]
[www.voiddevelopment.com/fonts/glyphicons-halflings-regular-3.html]
[www.voiddevelopment.com/fonts/glyphicons-halflings-regular-4.html]
[www.voiddevelopment.com/images/pagenate.html]
